13:11:00 写入剪贴板失败: Traceback (most recent call last):
  File "d:\k\new2\ls.py", line 151, in set_clipboard
    SetClipboardData(win32con.CF_UNICODETEXT, data)
    ~~~~~~~~~~~~~~~~^^^^^^^^^^^^^^^^^^^^^^^^^^^^^^^
pywintypes.error: (6, 'SetClipboardData', '句柄无效。')

13:11:00 复制索引 0 成功
13:11:01 写入剪贴板失败: Traceback (most recent call last):
  File "d:\k\new2\ls.py", line 151, in set_clipboard
    SetClipboardData(win32con.CF_UNICODETEXT, data)
    ~~~~~~~~~~~~~~~~^^^^^^^^^^^^^^^^^^^^^^^^^^^^^^^
pywintypes.error: (6, 'SetClipboardData', '句柄无效。')

13:11:01 复制索引 0 成功
13:11:01 写入剪贴板失败: Traceback (most recent call last):
  File "d:\k\new2\ls.py", line 151, in set_clipboard
    SetClipboardData(win32con.CF_UNICODETEXT, data)
    ~~~~~~~~~~~~~~~~^^^^^^^^^^^^^^^^^^^^^^^^^^^^^^^
pywintypes.error: (6, 'SetClipboardData', '句柄无效。')

13:11:01 复制索引 0 成功
13:11:01 写入剪贴板失败: Traceback (most recent call last):
  File "d:\k\new2\ls.py", line 151, in set_clipboard
    SetClipboardData(win32con.CF_UNICODETEXT, data)
    ~~~~~~~~~~~~~~~~^^^^^^^^^^^^^^^^^^^^^^^^^^^^^^^
pywintypes.error: (6, 'SetClipboardData', '句柄无效。')

13:11:01 复制索引 0 成功
13:11:02 写入剪贴板失败: Traceback (most recent call last):
  File "d:\k\new2\ls.py", line 151, in set_clipboard
    SetClipboardData(win32con.CF_UNICODETEXT, data)
    ~~~~~~~~~~~~~~~~^^^^^^^^^^^^^^^^^^^^^^^^^^^^^^^
pywintypes.error: (6, 'SetClipboardData', '句柄无效。')

13:11:02 复制索引 0 成功
13:11:19 写入剪贴板失败: Traceback (most recent call last):
  File "d:\k\new2\ls.py", line 151, in set_clipboard
    SetClipboardData(win32con.CF_UNICODETEXT, data)
    ~~~~~~~~~~~~~~~~^^^^^^^^^^^^^^^^^^^^^^^^^^^^^^^
pywintypes.error: (6, 'SetClipboardData', '句柄无效。')

13:11:19 复制索引 0 成功
13:11:21 程序退出
